2026-07-08 11:31:47,476 - INFO - Запуск приложения 'Менеджер рецептов'
2026-07-08 11:31:48,009 - INFO - Приложение успешно запущено
2026-07-08 12:37:59,202 - INFO - Запуск приложения 'Менеджер рецептов'
2026-07-08 12:37:59,229 - INFO - Таблица recipes создана/проверена
2026-07-08 12:37:59,229 - INFO - Подключение к БД: recipes.db
2026-07-08 12:37:59,562 - INFO - Загружено рецептов: 10
2026-07-08 12:37:59,630 - INFO - Приложение успешно запущено
2026-07-08 12:53:21,674 - INFO - Запуск приложения 'Менеджер рецептов'
2026-07-08 12:53:21,702 - INFO - Таблица recipes создана/проверена
2026-07-08 12:53:21,702 - INFO - Подключение к БД: recipes.db
2026-07-08 12:53:22,072 - INFO - Загружено рецептов: 10
2026-07-08 12:53:22,140 - INFO - Приложение успешно запущено
2026-07-08 12:56:10,257 - INFO - Соединение с БД закрыто
2026-07-08 12:58:30,524 - INFO - Запуск приложения 'Менеджер рецептов'
2026-07-08 12:58:30,551 - INFO - ==================================================
2026-07-08 12:58:30,552 - INFO - ЗАПУСК Менеджера рецептов
2026-07-08 12:58:30,553 - INFO - Таблица recipes создана/проверена
2026-07-08 12:58:30,553 - INFO - Подключение к БД: recipes.db
2026-07-08 12:58:30,922 - INFO - Загружено рецептов: 10
2026-07-08 12:58:30,923 - INFO - Приложение запущено
2026-07-08 12:58:31,002 - INFO - Приложение успешно запущено
2026-07-08 12:58:49,365 - INFO - Закрытие приложения
2026-07-08 12:58:49,365 - INFO - Соединение с БД закрыто
2026-07-08 12:58:49,366 - INFO - Приложение закрыто
2026-07-08 13:01:49,660 - INFO - Запуск приложения 'Менеджер рецептов'
2026-07-08 13:01:49,685 - INFO - ЗАПУСК Менеджера рецептов
2026-07-08 13:01:49,688 - INFO - Таблица recipes создана/проверена
2026-07-08 13:01:49,688 - INFO - Подключение к БД: recipes.db
2026-07-08 13:01:50,128 - INFO - Загружено рецептов: 10
2026-07-08 13:01:50,129 - INFO - Приложение запущено
2026-07-08 13:01:50,222 - INFO - Приложение успешно запущено
2026-07-08 13:02:38,437 - INFO - Запуск приложения 'Менеджер рецептов'
2026-07-08 13:02:38,463 - INFO - ЗАПУСК Менеджера рецептов
2026-07-08 13:02:38,465 - INFO - Таблица recipes создана/проверена
2026-07-08 13:02:38,466 - INFO - Подключение к БД: recipes.db
2026-07-08 13:02:38,859 - INFO - Загружено рецептов: 10
2026-07-08 13:02:38,859 - INFO - Приложение запущено
2026-07-08 13:02:38,960 - INFO - Приложение успешно запущено
2026-07-08 13:02:54,437 - INFO - Запуск приложения 'Менеджер рецептов'
2026-07-08 13:02:54,464 - INFO - Таблица recipes создана/проверена
2026-07-08 13:02:54,464 - INFO - Подключение к БД: recipes.db
2026-07-08 13:02:54,868 - INFO - Загружено рецептов: 10
2026-07-08 13:02:54,974 - INFO - Приложение успешно запущено
2026-07-08 18:27:46,863 - INFO - Запуск приложения 'Менеджер рецептов'
2026-07-08 18:27:46,892 - INFO - Таблица recipes создана/проверена
2026-07-08 18:27:46,892 - INFO - Подключение к БД: recipes.db
2026-07-08 18:27:47,257 - INFO - Загружено рецептов: 10
2026-07-08 18:27:47,322 - INFO - Приложение успешно запущено
2026-07-08 18:29:41,381 - INFO - Запуск приложения 'Менеджер рецептов'
2026-07-08 18:29:41,410 - INFO - Таблица recipes создана/проверена
2026-07-08 18:29:41,410 - INFO - Подключение к БД: recipes.db
2026-07-08 18:29:41,767 - INFO - Загружено рецептов: 10
2026-07-08 18:29:41,866 - INFO - Приложение успешно запущено
2026-07-08 18:30:13,978 - INFO - Запуск приложения 'Менеджер рецептов'
2026-07-08 18:30:14,450 - INFO - Приложение успешно запущено
2026-07-08 18:30:49,910 - INFO - Запуск приложения 'Менеджер рецептов'
2026-07-08 18:30:50,392 - INFO - Приложение успешно запущено
2026-07-08 20:24:52,910 - INFO - Запуск приложения 'Менеджер рецептов'
2026-07-08 20:24:52,935 - INFO - Таблица recipes создана/проверена
2026-07-08 20:24:52,936 - INFO - Подключение к БД: recipes.db
2026-07-08 20:24:53,333 - INFO - Загружено рецептов: 10
2026-07-08 20:24:53,418 - INFO - Приложение успешно запущено
2026-07-08 20:38:35,465 - INFO - Запуск приложения 'Менеджер рецептов'
2026-07-08 20:38:35,493 - INFO - Таблица recipes создана/проверена
2026-07-08 20:38:35,493 - INFO - Подключение к БД: recipes.db
2026-07-08 20:38:35,858 - INFO - Загружено рецептов: 10
2026-07-08 20:38:35,949 - INFO - Приложение успешно запущено
2026-07-08 20:40:18,156 - INFO - Запуск приложения 'Менеджер рецептов'
2026-07-08 20:40:18,182 - INFO - Таблица recipes создана/проверена
2026-07-08 20:40:18,182 - INFO - Подключение к БД: recipes.db
2026-07-08 20:40:18,551 - ERROR - Критическая ошибка: 'MainWindow' object has no attribute '_load_image'
2026-07-08 20:42:03,501 - INFO - Запуск приложения 'Менеджер рецептов'
2026-07-08 20:42:03,529 - INFO - Таблица recipes создана/проверена
2026-07-08 20:42:03,529 - INFO - Подключение к БД: recipes.db
2026-07-08 20:42:03,932 - INFO - Загружено рецептов: 10
2026-07-08 20:42:04,024 - INFO - Приложение успешно запущено
2026-07-08 20:42:33,153 - INFO - Запуск приложения 'Менеджер рецептов'
2026-07-08 20:42:33,182 - INFO - Таблица recipes создана/проверена
2026-07-08 20:42:33,183 - INFO - Подключение к БД: recipes.db
2026-07-08 20:42:33,539 - INFO - Загружено рецептов: 10
2026-07-08 20:42:33,604 - INFO - Приложение успешно запущено
2026-07-08 20:43:09,903 - INFO - Запуск приложения 'Менеджер рецептов'
2026-07-08 20:43:09,930 - INFO - Таблица recipes создана/проверена
2026-07-08 20:43:09,930 - INFO - Подключение к БД: recipes.db
2026-07-08 20:43:10,316 - INFO - Загружено рецептов: 10
2026-07-08 20:43:10,386 - INFO - Приложение успешно запущено
2026-07-08 20:43:42,307 - INFO - Запуск приложения 'Менеджер рецептов'
2026-07-08 20:43:42,334 - INFO - Таблица recipes создана/проверена
2026-07-08 20:43:42,334 - INFO - Подключение к БД: recipes.db
2026-07-08 20:43:42,702 - INFO - Загружено рецептов: 10
2026-07-08 20:43:42,774 - INFO - Приложение успешно запущено
2026-07-08 20:44:37,951 - INFO - Запуск приложения 'Менеджер рецептов'
2026-07-08 20:44:37,986 - INFO - Таблица recipes создана/проверена
2026-07-08 20:44:37,987 - INFO - Подключение к БД: recipes.db
2026-07-08 20:44:38,361 - INFO - Загружено рецептов: 0
2026-07-08 20:44:38,438 - INFO - Приложение успешно запущено
2026-07-08 21:00:56,147 - INFO - Соединение с БД закрыто
2026-07-08 21:51:12,345 - INFO - Запуск приложения 'Менеджер рецептов'
2026-07-08 21:51:12,369 - INFO - Инициализация главного окна
2026-07-08 21:51:12,711 - INFO - Главное окно готово
2026-07-08 21:51:12,807 - INFO - Приложение успешно запущено
2026-07-08 21:51:23,793 - INFO - Приложение закрыто
2026-07-08 21:51:42,551 - INFO - Запуск приложения 'Менеджер рецептов'
2026-07-08 21:51:42,575 - INFO - Инициализация главного окна
2026-07-08 21:51:42,577 - INFO - Таблица recipes создана/проверена
2026-07-08 21:51:42,577 - INFO - Подключение к БД: recipes.db
2026-07-08 21:51:42,951 - INFO - Загружено рецептов: 10
2026-07-08 21:51:42,951 - INFO - Главное окно готово
2026-07-08 21:51:43,041 - INFO - Приложение успешно запущено
2026-07-08 21:52:02,963 - INFO - Обновлён рецепт: Том Ям (ID: 16)
2026-07-08 21:52:02,964 - INFO - Загружено рецептов: 10
2026-07-08 21:52:02,965 - INFO - Рецепт обновлён: Том Ям (ID: 16)
2026-07-08 21:52:11,765 - INFO - Обновлён рецепт: Шарлотка с яблоками (ID: 23)
2026-07-08 21:52:11,766 - INFO - Загружено рецептов: 10
2026-07-08 21:52:11,767 - INFO - Рецепт обновлён: Шарлотка с яблоками (ID: 23)
2026-07-08 21:52:29,058 - INFO - Обновлён рецепт: Плов (ID: 13)
2026-07-08 21:52:29,059 - INFO - Загружено рецептов: 10
2026-07-08 21:52:29,060 - INFO - Рецепт обновлён: Плов (ID: 13)
2026-07-08 21:53:15,908 - INFO - Обновлён рецепт: Борщ (ID: 11)
2026-07-08 21:53:15,909 - INFO - Загружено рецептов: 10
2026-07-08 21:53:15,910 - INFO - Рецепт обновлён: Борщ (ID: 11)
2026-07-08 21:54:11,219 - INFO - Обновлён рецепт: Манная каша (ID: 15)
2026-07-08 21:54:11,220 - INFO - Загружено рецептов: 10
2026-07-08 21:54:11,221 - INFO - Рецепт обновлён: Манная каша (ID: 15)
2026-07-08 21:54:24,024 - INFO - Соединение с БД закрыто
2026-07-08 21:54:24,025 - INFO - Приложение закрыто
2026-07-09 10:44:15,675 - INFO - Запуск приложения 'Менеджер рецептов'
2026-07-09 10:44:15,740 - INFO - Инициализация главного окна
2026-07-09 10:44:15,748 - INFO - Таблица recipes создана/проверена
2026-07-09 10:44:15,748 - INFO - Подключение к БД: recipes.db
2026-07-09 10:44:16,130 - INFO - Загружено рецептов: 10
2026-07-09 10:44:16,131 - INFO - Главное окно готово
2026-07-09 10:44:16,203 - INFO - Приложение успешно запущено
2026-07-09 14:46:57,807 - INFO - Соединение с БД закрыто
2026-07-09 14:46:57,808 - INFO - Приложение закрыто
2026-07-09 16:27:05,674 - INFO - Запуск приложения 'Менеджер рецептов'
2026-07-09 16:27:05,705 - INFO - Инициализация главного окна
2026-07-09 16:27:05,714 - INFO - Таблица recipes создана/проверена
2026-07-09 16:27:05,714 - INFO - Подключение к БД: recipes.db
2026-07-09 16:27:06,080 - INFO - Загружено рецептов: 10
2026-07-09 16:27:06,081 - INFO - Главное окно готово
2026-07-09 16:27:06,159 - INFO - Приложение успешно запущено
2026-07-09 16:28:29,431 - INFO - Соединение с БД закрыто
2026-07-09 16:28:29,432 - INFO - Приложение закрыто
2026-07-09 17:19:22,266 - INFO - Запуск приложения 'Менеджер рецептов'
2026-07-09 17:19:22,290 - INFO - Инициализация главного окна
2026-07-09 17:19:22,293 - INFO - Таблица recipes создана/проверена
2026-07-09 17:19:22,293 - INFO - Подключение к БД: recipes.db
2026-07-09 17:19:22,632 - INFO - Загружено рецептов: 10
2026-07-09 17:19:22,633 - INFO - Главное окно готово
2026-07-09 17:19:22,708 - INFO - Приложение успешно запущено
2026-07-09 17:20:29,210 - INFO - Соединение с БД закрыто
2026-07-09 17:20:29,211 - INFO - Приложение закрыто
2026-07-10 09:18:05,381 - INFO - Запуск приложения 'Менеджер рецептов'
2026-07-10 09:18:05,446 - INFO - Инициализация главного окна
2026-07-10 09:18:05,449 - INFO - Таблица recipes создана/проверена
2026-07-10 09:18:05,449 - INFO - Подключение к БД: recipes.db
2026-07-10 09:18:06,151 - INFO - Загружено рецептов: 10
2026-07-10 09:18:06,152 - INFO - Главное окно готово
2026-07-10 09:18:06,224 - INFO - Приложение успешно запущено
2026-07-10 09:24:03,012 - INFO - Соединение с БД закрыто
2026-07-10 09:24:03,012 - INFO - Приложение закрыто
